2025-11-23 23:06:15,927 - URL: https://www.columnfivemedia.com | Status: success | Mode: js_rendering | Retries: 0 | Pages: 2 | Emails: 1 | Phones: 42 | Confidence: 0.66 | LoadTime: 0.30s | Reason: Success
2025-11-23 23:17:34,900 - URL: https://www.columnfivemedia.com | Status: success | Mode: fast_html | Retries: 0 | Pages: 2 | Emails: 1 | Phones: 17 | Confidence: 0.68 | LoadTime: 0.00s | Reason: Success
2025-11-23 23:17:41,407 - URL: https://www.columnfivemedia.com | Status: success | Mode: fast_html | Retries: 0 | Pages: 2 | Emails: 1 | Phones: 19 | Confidence: 0.68 | LoadTime: 0.00s | Reason: Success
2025-11-23 23:18:14,687 - URL: https://www.columnfivemedia.com | Status: success | Mode: fast_html | Retries: 0 | Pages: 2 | Emails: 1 | Phones: 18 | Confidence: 0.68 | LoadTime: 0.00s | Reason: Success
2025-11-23 23:19:39,266 - URL: https://github.com | Status: success | Mode: js_rendering | Retries: 0 | Pages: 3 | Emails: 1 | Phones: 52 | Confidence: 0.64 | LoadTime: 0.39s | Reason: Success
2025-11-23 23:20:18,972 - URL: https://github.com | Status: success | Mode: js_rendering | Retries: 0 | Pages: 3 | Emails: 1 | Phones: 58 | Confidence: 0.64 | LoadTime: 0.37s | Reason: Success
2025-11-23 23:22:06,762 - URL: https://cosmarketingagency.com | Status: success | Mode: fast_html | Retries: 0 | Pages: 1 | Emails: 3 | Phones: 26 | Confidence: 0.67 | LoadTime: 3.22s | Reason: Success
2025-11-23 23:22:08,123 - URL: https://smp.com.np | Status: success | Mode: fast_html | Retries: 0 | Pages: 5 | Emails: 0 | Phones: 50 | Confidence: 0.75 | LoadTime: 1.01s | Reason: Success
2025-11-23 23:22:13,771 - URL: https://graybox.co | Status: success | Mode: js_rendering | Retries: 0 | Pages: 2 | Emails: 4 | Phones: 108 | Confidence: 0.70 | LoadTime: 3.31s | Reason: Success
2025-11-23 23:22:17,277 - URL: https://thriveagency.com | Status: success | Mode: js_rendering | Retries: 0 | Pages: 2 | Emails: 6 | Phones: 46 | Confidence: 0.86 | LoadTime: 2.06s | Reason: Success
2025-11-23 23:22:26,487 - URL: https://cornerstone.studio | Status: success | Mode: js_rendering | Retries: 0 | Pages: 2 | Emails: 0 | Phones: 37 | Confidence: 0.48 | LoadTime: 1.63s | Reason: Success
2025-11-23 23:22:28,461 - URL: https://beebrilliantmarketing.com | Status: success | Mode: fast_html | Retries: 0 | Pages: 3 | Emails: 0 | Phones: 11 | Confidence: 0.55 | LoadTime: 0.57s | Reason: Success
2025-11-23 23:22:34,736 - URL: https://pedaladvertising.com | Status: success | Mode: js_rendering | Retries: 0 | Pages: 1 | Emails: 0 | Phones: 13 | Confidence: 0.45 | LoadTime: 0.69s | Reason: Success
2025-11-23 23:22:39,256 - URL: https://sparkagency.com | Status: success | Mode: fast_html | Retries: 0 | Pages: 2 | Emails: 2 | Phones: 19 | Confidence: 0.69 | LoadTime: 1.34s | Reason: Success
2025-11-23 23:22:41,371 - URL: https://wizonbiz.com | Status: success | Mode: js_rendering | Retries: 1 | Pages: 2 | Emails: 1 | Phones: 26 | Confidence: 0.63 | LoadTime: 0.94s | Reason: Success
2025-11-23 23:22:45,489 - URL: https://bigwestmarketing.com | Status: success | Mode: fast_html | Retries: 0 | Pages: 1 | Emails: 0 | Phones: 6 | Confidence: 0.45 | LoadTime: 1.58s | Reason: Success
2025-11-23 23:22:45,824 - URL: https://thewebdesigninc.com | Status: success | Mode: fast_html | Retries: 0 | Pages: 2 | Emails: 1 | Phones: 10 | Confidence: 0.68 | LoadTime: 1.07s | Reason: Success
2025-11-23 23:22:51,955 - URL: https://websolutionagency.co | Status: success | Mode: fast_html | Retries: 0 | Pages: 1 | Emails: 3 | Phones: 17 | Confidence: 0.59 | LoadTime: 3.34s | Reason: Success
2025-11-23 23:22:57,257 - URL: https://digitalmarketinggroup.com | Status: success | Mode: fast_html | Retries: 0 | Pages: 2 | Emails: 1 | Phones: 17 | Confidence: 0.57 | LoadTime: 1.52s | Reason: Success
2025-11-23 23:23:04,597 - URL: https://elymant.com | Status: success | Mode: js_rendering | Retries: 0 | Pages: 2 | Emails: 1 | Phones: 44 | Confidence: 0.59 | LoadTime: 4.28s | Reason: Success
2025-11-23 23:23:07,176 - URL: https://triodash.com | Status: success | Mode: fast_html | Retries: 0 | Pages: 1 | Emails: 0 | Phones: 3 | Confidence: 0.44 | LoadTime: 1.09s | Reason: Success
2025-11-23 23:23:07,400 - URL: https://lyfemarketing.com | Status: success | Mode: hard_mode | Retries: 2 | Pages: 1 | Emails: 1 | Phones: 164 | Confidence: 0.53 | LoadTime: 2.36s | Reason: Success
2025-11-23 23:23:15,004 - URL: https://graybox.co/blog | Status: success | Mode: js_rendering | Retries: 0 | Pages: 2 | Emails: 2 | Phones: 90 | Confidence: 0.58 | LoadTime: 4.42s | Reason: Success
2025-11-23 23:44:29,517 - URL: https://graybox.co | Status: success | Mode: js_rendering | Retries: 0 | Pages: 2 | Emails: 4 | Phones: 109 | Confidence: 0.70 | LoadTime: 3.17s | Reason: Success
2025-11-23 23:48:26,134 - URL: https://websolutionagency.co | Status: success | Mode: fast_html | Retries: 0 | Pages: 1 | Emails: 3 | Phones: 17 | Confidence: 0.59 | LoadTime: 2.99s | Reason: Success
2025-11-24 07:03:19,593 - URL: https://cosmarketingagency.com | Status: success | Mode: fast_html | Retries: 0 | Pages: 1 | Emails: 3 | Phones: 25 | Confidence: 0.67 | LoadTime: 2.72s | Reason: Success
2025-11-24 07:03:21,047 - URL: https://smp.com.np | Status: success | Mode: fast_html | Retries: 0 | Pages: 5 | Emails: 0 | Phones: 48 | Confidence: 0.75 | LoadTime: 1.47s | Reason: Success
2025-11-24 07:03:26,248 - URL: https://thriveagency.com | Status: success | Mode: js_rendering | Retries: 0 | Pages: 2 | Emails: 6 | Phones: 46 | Confidence: 0.86 | LoadTime: 1.92s | Reason: Success
2025-11-24 07:03:32,317 - URL: https://wizonbiz.com | Status: success | Mode: js_rendering | Retries: 0 | Pages: 2 | Emails: 1 | Phones: 24 | Confidence: 0.66 | LoadTime: 0.55s | Reason: Success
2025-11-24 07:03:39,108 - URL: https://pedaladvertising.com | Status: success | Mode: js_rendering | Retries: 0 | Pages: 1 | Emails: 0 | Phones: 13 | Confidence: 0.45 | LoadTime: 0.88s | Reason: Success
2025-11-24 07:03:39,148 - URL: https://beebrilliantmarketing.com | Status: success | Mode: fast_html | Retries: 0 | Pages: 3 | Emails: 0 | Phones: 11 | Confidence: 0.55 | LoadTime: 1.16s | Reason: Success
2025-11-24 07:03:39,792 - URL: https://graybox.co | Status: success | Mode: js_rendering | Retries: 1 | Pages: 2 | Emails: 4 | Phones: 110 | Confidence: 0.68 | LoadTime: 3.40s | Reason: Success
2025-11-24 07:03:41,374 - URL: https://cornerstone.studio | Status: success | Mode: js_rendering | Retries: 1 | Pages: 2 | Emails: 0 | Phones: 36 | Confidence: 0.45 | LoadTime: 1.18s | Reason: Success
2025-11-24 07:03:43,244 - URL: https://sparkagency.com | Status: success | Mode: fast_html | Retries: 0 | Pages: 2 | Emails: 2 | Phones: 19 | Confidence: 0.69 | LoadTime: 1.22s | Reason: Success
2025-11-24 07:03:44,278 - URL: https://bigwestmarketing.com | Status: success | Mode: fast_html | Retries: 0 | Pages: 1 | Emails: 0 | Phones: 6 | Confidence: 0.45 | LoadTime: 1.58s | Reason: Success
2025-11-24 07:03:44,866 - URL: https://thewebdesigninc.com | Status: success | Mode: fast_html | Retries: 0 | Pages: 2 | Emails: 1 | Phones: 10 | Confidence: 0.68 | LoadTime: 1.09s | Reason: Success
2025-11-24 07:03:48,683 - URL: https://digitalmarketinggroup.com | Status: success | Mode: fast_html | Retries: 0 | Pages: 2 | Emails: 1 | Phones: 17 | Confidence: 0.57 | LoadTime: 1.29s | Reason: Success
2025-11-24 07:03:49,857 - URL: https://websolutionagency.co | Status: success | Mode: fast_html | Retries: 0 | Pages: 1 | Emails: 3 | Phones: 17 | Confidence: 0.59 | LoadTime: 3.87s | Reason: Success
2025-11-24 07:03:50,978 - URL: https://triodash.com | Status: success | Mode: fast_html | Retries: 0 | Pages: 1 | Emails: 0 | Phones: 3 | Confidence: 0.44 | LoadTime: 1.00s | Reason: Success
2025-11-24 07:03:58,141 - URL: https://lyfemarketing.com | Status: success | Mode: hard_mode | Retries: 2 | Pages: 1 | Emails: 1 | Phones: 164 | Confidence: 0.53 | LoadTime: 2.18s | Reason: Success
2025-11-24 07:03:59,971 - URL: https://graybox.co/blog | Status: success | Mode: js_rendering | Retries: 0 | Pages: 2 | Emails: 2 | Phones: 93 | Confidence: 0.58 | LoadTime: 3.89s | Reason: Success
2025-11-24 07:04:24,069 - URL: https://elymant.com | Status: success | Mode: js_rendering | Retries: 0 | Pages: 2 | Emails: 1 | Phones: 43 | Confidence: 0.59 | LoadTime: 3.71s | Reason: Success
2025-11-24 07:10:10,313 - URL: https://cosmarketingagency.com | Status: success | Mode: fast_html | Retries: 0 | Pages: 1 | Emails: 3 | Phones: 27 | Confidence: 0.67 | LoadTime: 2.00s | Reason: Success
2025-11-24 07:10:11,415 - URL: https://thriveagency.com | Status: success | Mode: js_rendering | Retries: 0 | Pages: 2 | Emails: 6 | Phones: 46 | Confidence: 0.86 | LoadTime: 1.54s | Reason: Success
2025-11-24 07:10:12,588 - URL: https://smp.com.np | Status: success | Mode: fast_html | Retries: 0 | Pages: 5 | Emails: 0 | Phones: 48 | Confidence: 0.75 | LoadTime: 1.09s | Reason: Success
2025-11-24 07:10:15,565 - URL: https://beebrilliantmarketing.com | Status: success | Mode: fast_html | Retries: 0 | Pages: 3 | Emails: 0 | Phones: 11 | Confidence: 0.55 | LoadTime: 0.42s | Reason: Success
2025-11-24 07:10:17,574 - URL: https://wizonbiz.com | Status: success | Mode: js_rendering | Retries: 0 | Pages: 2 | Emails: 1 | Phones: 24 | Confidence: 0.66 | LoadTime: 0.69s | Reason: Success
2025-11-24 07:10:17,926 - URL: https://graybox.co | Status: success | Mode: js_rendering | Retries: 0 | Pages: 2 | Emails: 4 | Phones: 112 | Confidence: 0.70 | LoadTime: 3.46s | Reason: Success
2025-11-24 07:10:21,509 - URL: https://sparkagency.com | Status: success | Mode: fast_html | Retries: 0 | Pages: 2 | Emails: 2 | Phones: 19 | Confidence: 0.69 | LoadTime: 0.93s | Reason: Success
2025-11-24 07:10:21,541 - URL: https://pedaladvertising.com | Status: success | Mode: js_rendering | Retries: 0 | Pages: 1 | Emails: 0 | Phones: 13 | Confidence: 0.45 | LoadTime: 0.80s | Reason: Success
2025-11-24 07:10:24,279 - URL: https://bigwestmarketing.com | Status: success | Mode: fast_html | Retries: 0 | Pages: 1 | Emails: 0 | Phones: 6 | Confidence: 0.45 | LoadTime: 1.72s | Reason: Success
2025-11-24 07:10:25,679 - URL: https://websolutionagency.co | Status: success | Mode: fast_html | Retries: 0 | Pages: 1 | Emails: 3 | Phones: 17 | Confidence: 0.59 | LoadTime: 0.39s | Reason: Success
2025-11-24 07:10:26,105 - URL: https://thewebdesigninc.com | Status: success | Mode: fast_html | Retries: 0 | Pages: 2 | Emails: 1 | Phones: 10 | Confidence: 0.68 | LoadTime: 1.30s | Reason: Success
2025-11-24 07:10:29,679 - URL: https://digitalmarketinggroup.com | Status: success | Mode: fast_html | Retries: 0 | Pages: 2 | Emails: 1 | Phones: 17 | Confidence: 0.57 | LoadTime: 1.23s | Reason: Success
2025-11-24 07:10:32,445 - URL: https://triodash.com | Status: success | Mode: fast_html | Retries: 0 | Pages: 1 | Emails: 0 | Phones: 3 | Confidence: 0.44 | LoadTime: 1.05s | Reason: Success
2025-11-24 07:10:33,732 - URL: https://cornerstone.studio | Status: success | Mode: hard_mode | Retries: 2 | Pages: 2 | Emails: 0 | Phones: 31 | Confidence: 0.39 | LoadTime: 1.25s | Reason: Success
2025-11-24 07:10:40,904 - URL: https://elymant.com | Status: success | Mode: js_rendering | Retries: 0 | Pages: 2 | Emails: 1 | Phones: 43 | Confidence: 0.59 | LoadTime: 3.62s | Reason: Success
2025-11-24 07:10:42,756 - URL: https://graybox.co/blog | Status: success | Mode: js_rendering | Retries: 0 | Pages: 2 | Emails: 2 | Phones: 87 | Confidence: 0.58 | LoadTime: 3.96s | Reason: Success
2025-11-24 07:10:44,584 - URL: https://lyfemarketing.com | Status: success | Mode: hard_mode | Retries: 2 | Pages: 1 | Emails: 1 | Phones: 164 | Confidence: 0.53 | LoadTime: 2.33s | Reason: Success
2025-11-24 07:15:45,152 - URL: https://graybox.co | Status: success | Mode: fast_html | Retries: 0 | Pages: 2 | Emails: 4 | Phones: 78 | Confidence: 0.72 | LoadTime: 0.00s | Reason: Success
2025-11-24 07:15:46,230 - URL: https://cosmarketingagency.com | Status: success | Mode: fast_html | Retries: 0 | Pages: 1 | Emails: 3 | Phones: 26 | Confidence: 0.67 | LoadTime: 0.00s | Reason: Success
2025-11-24 07:15:46,831 - URL: https://wizonbiz.com | Status: success | Mode: fast_html | Retries: 0 | Pages: 2 | Emails: 1 | Phones: 27 | Confidence: 0.68 | LoadTime: 0.00s | Reason: Success
2025-11-24 07:15:47,076 - URL: https://thriveagency.com | Status: success | Mode: fast_html | Retries: 0 | Pages: 2 | Emails: 6 | Phones: 46 | Confidence: 0.88 | LoadTime: 0.00s | Reason: Success
2025-11-24 07:15:47,163 - URL: https://intuitivedigital.com | Status: success | Mode: fast_html | Retries: 0 | Pages: 2 | Emails: 0 | Phones: 16 | Confidence: 0.53 | LoadTime: 0.00s | Reason: Success
2025-11-24 07:15:47,501 - URL: https://cornerstone.studio | Status: success | Mode: fast_html | Retries: 0 | Pages: 2 | Emails: 0 | Phones: 31 | Confidence: 0.49 | LoadTime: 0.00s | Reason: Success
2025-11-24 07:15:48,328 - URL: https://beebrilliantmarketing.com | Status: success | Mode: fast_html | Retries: 0 | Pages: 3 | Emails: 0 | Phones: 11 | Confidence: 0.55 | LoadTime: 0.00s | Reason: Success
2025-11-24 07:15:48,625 - URL: https://pedaladvertising.com | Status: success | Mode: fast_html | Retries: 0 | Pages: 1 | Emails: 0 | Phones: 10 | Confidence: 0.47 | LoadTime: 0.00s | Reason: Success
2025-11-24 07:15:49,560 - URL: https://smp.com.np | Status: success | Mode: fast_html | Retries: 0 | Pages: 5 | Emails: 0 | Phones: 49 | Confidence: 0.75 | LoadTime: 0.00s | Reason: Success
2025-11-24 07:15:50,795 - URL: https://lyfemarketing.com | Status: success | Mode: fast_html | Retries: 0 | Pages: 1 | Emails: 1 | Phones: 164 | Confidence: 0.64 | LoadTime: 0.00s | Reason: Success
2025-11-24 07:15:51,138 - URL: https://sparkagency.com | Status: success | Mode: fast_html | Retries: 0 | Pages: 2 | Emails: 2 | Phones: 19 | Confidence: 0.69 | LoadTime: 0.00s | Reason: Success
2025-11-24 07:15:51,857 - URL: https://bigwestmarketing.com | Status: success | Mode: fast_html | Retries: 0 | Pages: 1 | Emails: 0 | Phones: 6 | Confidence: 0.45 | LoadTime: 0.00s | Reason: Success
2025-11-24 07:15:52,988 - URL: https://websolutionagency.co | Status: success | Mode: fast_html | Retries: 0 | Pages: 1 | Emails: 3 | Phones: 17 | Confidence: 0.59 | LoadTime: 0.00s | Reason: Success
2025-11-24 07:15:53,718 - URL: https://thewebdesigninc.com | Status: success | Mode: fast_html | Retries: 0 | Pages: 2 | Emails: 1 | Phones: 10 | Confidence: 0.68 | LoadTime: 0.00s | Reason: Success
2025-11-24 07:15:55,011 - URL: https://solutionsforgrowthllc.com | Status: success | Mode: fast_html | Retries: 1 | Pages: 3 | Emails: 1 | Phones: 58 | Confidence: 0.58 | LoadTime: 0.00s | Reason: Success
2025-11-24 07:15:55,778 - URL: https://digitalmarketinggroup.com | Status: success | Mode: fast_html | Retries: 0 | Pages: 2 | Emails: 1 | Phones: 17 | Confidence: 0.57 | LoadTime: 0.00s | Reason: Success
2025-11-24 07:15:56,196 - URL: https://triodash.com | Status: success | Mode: fast_html | Retries: 0 | Pages: 1 | Emails: 0 | Phones: 3 | Confidence: 0.44 | LoadTime: 0.00s | Reason: Success
2025-11-24 07:15:56,579 - URL: https://graybox.co/blog | Status: success | Mode: fast_html | Retries: 0 | Pages: 2 | Emails: 2 | Phones: 55 | Confidence: 0.60 | LoadTime: 0.00s | Reason: Success
2025-11-24 07:15:58,609 - URL: https://elymant.com | Status: success | Mode: fast_html | Retries: 0 | Pages: 2 | Emails: 0 | Phones: 46 | Confidence: 0.56 | LoadTime: 0.00s | Reason: Success
2025-11-24 07:16:07,212 - URL: https://seo-discovery.com | Status: failed | Mode: hard_mode | Retries: 16 | Pages: 0 | Emails: 0 | Phones: 0 | Confidence: 0.00 | LoadTime: 0.00s | Reason: All fetch modes failed: unknown (retries: 16)
2025-11-24 08:24:51,101 - URL: https://www.littlecollinsnyc.com/ | Status: success | Mode: fast_html | Retries: 0 | Pages: 2 | Emails: 1 | Phones: 68 | Confidence: 0.53 | LoadTime: 0.48s | Reason: Success
2025-11-24 08:31:42,250 - URL: https://www.littlecollinsnyc.com/ | Status: success | Mode: fast_html | Retries: 0 | Pages: 2 | Emails: 1 | Phones: 2 | Confidence: 0.46 | LoadTime: 1.10s | Reason: Success
2025-11-24 08:38:13,881 - URL: https://www.littlecollinsnyc.com/ | Status: success | Mode: fast_html | Retries: 0 | Pages: 2 | Emails: 1 | Phones: 2 | Confidence: 0.46 | LoadTime: 0.73s | Reason: Success
2025-11-24 08:56:41,641 - URL: https://cosmarketingagency.com | Status: success | Mode: fast_html | Retries: 0 | Pages: 1 | Emails: 3 | Phones: 7 | Confidence: 0.67 | LoadTime: 3.82s | Reason: Success
2025-11-24 09:00:09,882 - URL: https://cosmarketingagency.com | Status: success | Mode: fast_html | Retries: 0 | Pages: 1 | Emails: 3 | Phones: 7 | Confidence: 0.67 | LoadTime: 4.09s | Reason: Success
2025-11-24 09:01:51,419 - URL: https://graybox.co | Status: success | Mode: hard_mode | Retries: 2 | Pages: 2 | Emails: 4 | Phones: 25 | Confidence: 0.62 | LoadTime: 4.42s | Reason: Success
2025-11-24 09:02:50,734 - URL: https://graybox.co/about | Status: success | Mode: hard_mode | Retries: 2 | Pages: 2 | Emails: 2 | Phones: 26 | Confidence: 0.62 | LoadTime: 2.47s | Reason: Success
2025-11-24 09:03:47,577 - URL: https://graybox.co/about/our-team | Status: success | Mode: hard_mode | Retries: 2 | Pages: 1 | Emails: 2 | Phones: 21 | Confidence: 0.58 | LoadTime: 2.87s | Reason: Success
2025-11-24 09:04:39,034 - URL: https://graybox.co/about/careers | Status: success | Mode: hard_mode | Retries: 2 | Pages: 1 | Emails: 2 | Phones: 10 | Confidence: 0.45 | LoadTime: 1.37s | Reason: Success
2025-11-24 09:05:25,536 - URL: https://graybox.co/contact | Status: success | Mode: js_rendering | Retries: 1 | Pages: 1 | Emails: 4 | Phones: 13 | Confidence: 0.62 | LoadTime: 1.89s | Reason: Success
2025-11-24 09:07:27,438 - URL: https://www.littlecollinsnyc.com/ | Status: success | Mode: fast_html | Retries: 0 | Pages: 2 | Emails: 1 | Phones: 2 | Confidence: 0.46 | LoadTime: 0.48s | Reason: Success
2025-11-24 09:07:37,423 - URL: https://www.littlecollinsnyc.com/contact | Status: success | Mode: fast_html | Retries: 0 | Pages: 1 | Emails: 1 | Phones: 2 | Confidence: 0.42 | LoadTime: 0.35s | Reason: Success
2025-11-24 09:10:19,290 - URL: https://www.littlecollinsnyc.com/ | Status: success | Mode: fast_html | Retries: 0 | Pages: 2 | Emails: 0 | Phones: 2 | Confidence: 0.41 | LoadTime: 1.03s | Reason: Success
2025-11-24 09:10:36,648 - URL: https://www.littlecollinsnyc.com/contact | Status: success | Mode: fast_html | Retries: 0 | Pages: 1 | Emails: 0 | Phones: 2 | Confidence: 0.37 | LoadTime: 0.26s | Reason: Success
2025-11-24 09:13:51,170 - URL: https://www.littlecollinsnyc.com/ | Status: success | Mode: fast_html | Retries: 0 | Pages: 2 | Emails: 0 | Phones: 2 | Confidence: 0.41 | LoadTime: 0.91s | Reason: Success
2025-11-24 09:14:07,932 - URL: https://www.littlecollinsnyc.com/contact | Status: success | Mode: fast_html | Retries: 0 | Pages: 1 | Emails: 0 | Phones: 2 | Confidence: 0.37 | LoadTime: 0.11s | Reason: Success
2025-11-24 09:17:28,115 - URL: https://www.littlecollinsnyc.com/ | Status: success | Mode: fast_html | Retries: 0 | Pages: 2 | Emails: 0 | Phones: 2 | Confidence: 0.41 | LoadTime: 0.00s | Reason: Success
2025-11-24 09:17:34,194 - URL: https://www.littlecollinsnyc.com/contact | Status: success | Mode: fast_html | Retries: 0 | Pages: 1 | Emails: 0 | Phones: 2 | Confidence: 0.37 | LoadTime: 0.00s | Reason: Success
2025-11-24 09:18:05,453 - URL: https://www.littlecollinsnyc.com/ | Status: success | Mode: fast_html | Retries: 0 | Pages: 2 | Emails: 0 | Phones: 2 | Confidence: 0.41 | LoadTime: 0.00s | Reason: Success
2025-11-24 09:18:11,652 - URL: https://www.littlecollinsnyc.com/contact | Status: success | Mode: fast_html | Retries: 0 | Pages: 1 | Emails: 0 | Phones: 2 | Confidence: 0.37 | LoadTime: 0.00s | Reason: Success
2025-11-24 09:19:28,425 - URL: https://cosmarketingagency.com | Status: success | Mode: fast_html | Retries: 0 | Pages: 1 | Emails: 3 | Phones: 7 | Confidence: 0.67 | LoadTime: 2.99s | Reason: Success
2025-11-24 09:20:43,292 - URL: https://www.littlecollinsnyc.com/ | Status: success | Mode: fast_html | Retries: 0 | Pages: 2 | Emails: 0 | Phones: 2 | Confidence: 0.41 | LoadTime: 2.39s | Reason: Success
2025-11-24 09:20:50,449 - URL: https://www.littlecollinsnyc.com/contact | Status: success | Mode: fast_html | Retries: 0 | Pages: 1 | Emails: 0 | Phones: 2 | Confidence: 0.37 | LoadTime: 0.54s | Reason: Success
2025-11-24 09:21:13,889 - URL: https://www.littlecollinsnyc.com/ | Status: success | Mode: fast_html | Retries: 0 | Pages: 2 | Emails: 0 | Phones: 2 | Confidence: 0.41 | LoadTime: 0.00s | Reason: Success
2025-11-24 09:21:19,870 - URL: https://www.littlecollinsnyc.com/contact | Status: success | Mode: fast_html | Retries: 0 | Pages: 1 | Emails: 0 | Phones: 2 | Confidence: 0.37 | LoadTime: 0.00s | Reason: Success
2025-11-24 09:23:30,353 - URL: https://www.littlecollinsnyc.com/ | Status: success | Mode: fast_html | Retries: 0 | Pages: 2 | Emails: 0 | Phones: 2 | Confidence: 0.41 | LoadTime: 0.00s | Reason: Success
2025-11-24 09:23:44,246 - URL: https://www.littlecollinsnyc.com/contact | Status: success | Mode: fast_html | Retries: 0 | Pages: 1 | Emails: 0 | Phones: 2 | Confidence: 0.37 | LoadTime: 0.00s | Reason: Success
2025-11-24 09:25:01,819 - URL: https://www.littlecollinsnyc.com/ | Status: failed | Mode: hard_mode | Retries: 16 | Pages: 0 | Emails: 0 | Phones: 0 | Confidence: 0.00 | LoadTime: 0.00s | Reason: All fetch modes failed: unknown (retries: 16)
2025-11-24 09:28:10,963 - URL: https://www.littlecollinsnyc.com/ | Status: success | Mode: fast_html | Retries: 0 | Pages: 2 | Emails: 0 | Phones: 2 | Confidence: 0.41 | LoadTime: 0.00s | Reason: Success
2025-11-24 09:28:25,748 - URL: https://www.littlecollinsnyc.com/contact | Status: success | Mode: fast_html | Retries: 0 | Pages: 1 | Emails: 0 | Phones: 2 | Confidence: 0.37 | LoadTime: 0.00s | Reason: Success
2025-11-24 09:32:28,410 - URL: https://www.littlecollinsnyc.com/ | Status: success | Mode: fast_html | Retries: 0 | Pages: 2 | Emails: 0 | Phones: 2 | Confidence: 0.41 | LoadTime: 0.00s | Reason: Success
2025-11-24 09:32:33,712 - URL: https://www.littlecollinsnyc.com/contact | Status: success | Mode: fast_html | Retries: 0 | Pages: 1 | Emails: 0 | Phones: 2 | Confidence: 0.37 | LoadTime: 0.00s | Reason: Success
2025-11-24 09:36:36,741 - URL: https://www.littlecollinsnyc.com/ | Status: success | Mode: fast_html | Retries: 0 | Pages: 2 | Emails: 0 | Phones: 2 | Confidence: 0.41 | LoadTime: 0.00s | Reason: Success
2025-11-24 09:36:41,722 - URL: https://www.littlecollinsnyc.com/contact | Status: success | Mode: fast_html | Retries: 0 | Pages: 1 | Emails: 0 | Phones: 2 | Confidence: 0.37 | LoadTime: 0.00s | Reason: Success
2025-11-24 09:37:12,696 - URL: https://www.littlecollinsnyc.com/ | Status: success | Mode: fast_html | Retries: 0 | Pages: 2 | Emails: 0 | Phones: 2 | Confidence: 0.41 | LoadTime: 0.00s | Reason: Success
2025-11-24 09:37:18,257 - URL: https://www.littlecollinsnyc.com/contact | Status: success | Mode: fast_html | Retries: 0 | Pages: 1 | Emails: 0 | Phones: 2 | Confidence: 0.37 | LoadTime: 0.00s | Reason: Success
2025-11-24 09:40:15,583 - URL: https://www.littlecollinsnyc.com/ | Status: success | Mode: fast_html | Retries: 0 | Pages: 2 | Emails: 0 | Phones: 2 | Confidence: 0.41 | LoadTime: 0.00s | Reason: Success
2025-11-24 09:40:21,960 - URL: https://www.littlecollinsnyc.com/contact | Status: success | Mode: fast_html | Retries: 0 | Pages: 1 | Emails: 0 | Phones: 2 | Confidence: 0.37 | LoadTime: 0.00s | Reason: Success
2025-11-24 09:42:59,748 - URL: https://www.littlecollinsnyc.com/ | Status: success | Mode: fast_html | Retries: 0 | Pages: 2 | Emails: 0 | Phones: 2 | Confidence: 0.41 | LoadTime: 0.00s | Reason: Success
2025-11-24 09:43:04,984 - URL: https://www.littlecollinsnyc.com/contact | Status: success | Mode: fast_html | Retries: 0 | Pages: 1 | Emails: 0 | Phones: 2 | Confidence: 0.37 | LoadTime: 0.00s | Reason: Success
2025-11-24 09:43:20,100 - URL: https://www.littlecollinsnyc.com/ | Status: success | Mode: fast_html | Retries: 0 | Pages: 2 | Emails: 0 | Phones: 2 | Confidence: 0.41 | LoadTime: 0.00s | Reason: Success
2025-11-24 09:43:25,670 - URL: https://www.littlecollinsnyc.com/contact | Status: success | Mode: fast_html | Retries: 0 | Pages: 1 | Emails: 0 | Phones: 2 | Confidence: 0.37 | LoadTime: 0.00s | Reason: Success
2025-11-24 12:49:22,625 - URL: https://www.littlecollinsnyc.com/ | Status: success | Mode: fast_html | Retries: 0 | Pages: 2 | Emails: 0 | Phones: 2 | Confidence: 0.41 | LoadTime: 0.00s | Reason: Success
2025-11-24 12:49:28,891 - URL: https://www.littlecollinsnyc.com/contact | Status: success | Mode: fast_html | Retries: 0 | Pages: 1 | Emails: 0 | Phones: 2 | Confidence: 0.37 | LoadTime: 0.00s | Reason: Success
2025-11-24 13:15:24,812 - URL: https://www.littlecollinsnyc.com/ | Status: success | Mode: fast_html | Retries: 0 | Pages: 2 | Emails: 0 | Phones: 2 | Confidence: 0.41 | LoadTime: 0.55s | Reason: Success
2025-11-24 13:25:58,866 - URL: https://www.littlecollinsnyc.com/ | Status: success | Mode: fast_html | Retries: 0 | Pages: 2 | Emails: 0 | Phones: 2 | Confidence: 0.75 | LoadTime: 0.81s | Reason: Success
2025-11-24 13:40:49,308 - URL: https://www.littlecollinsnyc.com/ | Status: success | Mode: fast_html | Retries: 0 | Pages: 2 | Emails: 0 | Phones: 2 | Confidence: 0.75 | LoadTime: 0.63s | Reason: Success
2025-11-24 13:52:43,667 - URL: https://www.littlecollinsnyc.com/ | Status: success | Mode: fast_html | Retries: 0 | Pages: 2 | Emails: 0 | Phones: 2 | Confidence: 0.75 | LoadTime: 0.00s | Reason: Success
2025-11-24 13:52:47,186 - URL: https://www.littlecollinsnyc.com/contact | Status: success | Mode: fast_html | Retries: 0 | Pages: 1 | Emails: 0 | Phones: 2 | Confidence: 0.68 | LoadTime: 0.00s | Reason: Success
2025-11-24 14:01:27,922 - URL: https://www.littlecollinsnyc.com/ | Status: success | Mode: fast_html | Retries: 0 | Pages: 2 | Emails: 0 | Phones: 2 | Confidence: 0.75 | LoadTime: 0.58s | Reason: Success
2025-11-24 14:05:09,180 - URL: https://www.littlecollinsnyc.com/ | Status: success | Mode: fast_html | Retries: 0 | Pages: 2 | Emails: 0 | Phones: 2 | Confidence: 0.75 | LoadTime: 0.49s | Reason: Success
2025-11-24 14:08:29,760 - URL: https://www.littlecollinsnyc.com/ | Status: success | Mode: fast_html | Retries: 0 | Pages: 2 | Emails: 0 | Phones: 2 | Confidence: 0.75 | LoadTime: 0.00s | Reason: Success
2025-11-24 14:08:33,017 - URL: https://www.littlecollinsnyc.com/contact | Status: success | Mode: fast_html | Retries: 0 | Pages: 1 | Emails: 0 | Phones: 2 | Confidence: 0.68 | LoadTime: 0.00s | Reason: Success
2025-11-24 14:14:35,901 - URL: https://www.littlecollinsnyc.com/ | Status: success | Mode: fast_html | Retries: 0 | Pages: 2 | Emails: 0 | Phones: 2 | Confidence: 0.75 | LoadTime: 0.00s | Reason: Success
2025-11-24 14:14:41,351 - URL: https://www.littlecollinsnyc.com/contact | Status: success | Mode: fast_html | Retries: 0 | Pages: 1 | Emails: 0 | Phones: 2 | Confidence: 0.68 | LoadTime: 0.00s | Reason: Success
2025-11-24 14:17:05,380 - URL: https://www.littlecollinsnyc.com/ | Status: success | Mode: fast_html | Retries: 0 | Pages: 2 | Emails: 0 | Phones: 2 | Confidence: 0.75 | LoadTime: 0.57s | Reason: Success
2025-11-24 14:17:11,830 - URL: https://www.littlecollinsnyc.com/contact | Status: success | Mode: fast_html | Retries: 0 | Pages: 1 | Emails: 0 | Phones: 2 | Confidence: 0.68 | LoadTime: 0.12s | Reason: Success
2025-11-24 14:19:34,660 - URL: https://www.littlecollinsnyc.com/ | Status: success | Mode: fast_html | Retries: 0 | Pages: 2 | Emails: 0 | Phones: 2 | Confidence: 0.75 | LoadTime: 0.56s | Reason: Success
2025-11-24 14:19:42,249 - URL: https://www.littlecollinsnyc.com/contact | Status: success | Mode: fast_html | Retries: 0 | Pages: 1 | Emails: 0 | Phones: 2 | Confidence: 0.68 | LoadTime: 0.13s | Reason: Success
2025-11-24 14:21:02,527 - URL: https://www.littlecollinsnyc.com/ | Status: success | Mode: fast_html | Retries: 0 | Pages: 2 | Emails: 0 | Phones: 2 | Confidence: 0.75 | LoadTime: 0.62s | Reason: Success
2025-11-24 14:21:09,340 - URL: https://www.littlecollinsnyc.com/contact | Status: success | Mode: fast_html | Retries: 0 | Pages: 1 | Emails: 0 | Phones: 2 | Confidence: 0.68 | LoadTime: 0.14s | Reason: Success
2025-11-24 14:22:36,138 - URL: https://www.littlecollinsnyc.com/ | Status: success | Mode: fast_html | Retries: 0 | Pages: 2 | Emails: 0 | Phones: 2 | Confidence: 0.75 | LoadTime: 0.00s | Reason: Success
2025-11-24 14:22:39,349 - URL: https://www.littlecollinsnyc.com/contact | Status: success | Mode: fast_html | Retries: 0 | Pages: 1 | Emails: 0 | Phones: 2 | Confidence: 0.68 | LoadTime: 0.00s | Reason: Success
2025-11-24 14:27:31,937 - URL: https://www.littlecollinsnyc.com/ | Status: success | Mode: fast_html | Retries: 0 | Pages: 2 | Emails: 0 | Phones: 2 | Confidence: 0.75 | LoadTime: 0.53s | Reason: Success
2025-11-24 14:33:20,602 - URL: https://www.littlecollinsnyc.com/ | Status: success | Mode: fast_html | Retries: 0 | Pages: 2 | Emails: 0 | Phones: 2 | Confidence: 0.75 | LoadTime: 0.49s | Reason: Success
2025-11-24 14:36:28,434 - URL: https://www.littlecollinsnyc.com/ | Status: success | Mode: fast_html | Retries: 0 | Pages: 2 | Emails: 0 | Phones: 2 | Confidence: 0.75 | LoadTime: 0.48s | Reason: Success
2025-11-24 14:39:04,213 - URL: https://www.littlecollinsnyc.com/ | Status: success | Mode: fast_html | Retries: 0 | Pages: 2 | Emails: 0 | Phones: 2 | Confidence: 0.75 | LoadTime: 0.71s | Reason: Success
2025-11-24 14:41:44,057 - URL: https://www.littlecollinsnyc.com/ | Status: success | Mode: fast_html | Retries: 0 | Pages: 2 | Emails: 0 | Phones: 2 | Confidence: 0.75 | LoadTime: 0.60s | Reason: Success
2025-11-24 14:42:06,004 - URL: https://www.littlecollinsnyc.com/ | Status: success | Mode: fast_html | Retries: 0 | Pages: 2 | Emails: 0 | Phones: 2 | Confidence: 0.75 | LoadTime: 0.55s | Reason: Success
2025-11-24 14:50:00,790 - URL: https://www.littlecollinsnyc.com/ | Status: success | Mode: fast_html | Retries: 0 | Pages: 2 | Emails: 0 | Phones: 2 | Confidence: 0.75 | LoadTime: 0.58s | Reason: Success
2025-11-24 14:50:07,938 - URL: https://www.littlecollinsnyc.com/contact | Status: success | Mode: fast_html | Retries: 0 | Pages: 1 | Emails: 0 | Phones: 2 | Confidence: 0.68 | LoadTime: 0.13s | Reason: Success
2025-11-24 14:53:31,440 - URL: https://www.littlecollinsnyc.com/ | Status: success | Mode: fast_html | Retries: 0 | Pages: 2 | Emails: 0 | Phones: 2 | Confidence: 0.75 | LoadTime: 0.64s | Reason: Success
2025-11-24 14:53:37,858 - URL: https://www.littlecollinsnyc.com/contact | Status: success | Mode: fast_html | Retries: 0 | Pages: 1 | Emails: 0 | Phones: 2 | Confidence: 0.68 | LoadTime: 0.15s | Reason: Success
2025-11-24 14:57:04,987 - URL: https://www.littlecollinsnyc.com/ | Status: success | Mode: fast_html | Retries: 0 | Pages: 2 | Emails: 0 | Phones: 2 | Confidence: 0.75 | LoadTime: 0.62s | Reason: Success
2025-11-24 15:02:20,554 - URL: https://www.littlecollinsnyc.com/ | Status: success | Mode: fast_html | Retries: 0 | Pages: 2 | Emails: 0 | Phones: 2 | Confidence: 0.75 | LoadTime: 0.50s | Reason: Success
2025-11-24 15:02:26,401 - URL: https://www.littlecollinsnyc.com/contact | Status: success | Mode: fast_html | Retries: 0 | Pages: 1 | Emails: 0 | Phones: 2 | Confidence: 0.68 | LoadTime: 0.11s | Reason: Success
2025-11-24 15:03:27,436 - URL: https://www.littlecollinsnyc.com/ | Status: success | Mode: fast_html | Retries: 0 | Pages: 2 | Emails: 0 | Phones: 2 | Confidence: 0.75 | LoadTime: 0.54s | Reason: Success
2025-11-24 15:03:33,678 - URL: https://www.littlecollinsnyc.com/contact | Status: success | Mode: fast_html | Retries: 0 | Pages: 1 | Emails: 0 | Phones: 2 | Confidence: 0.68 | LoadTime: 0.15s | Reason: Success
2025-11-24 15:08:01,218 - URL: https://www.littlecollinsnyc.com/ | Status: success | Mode: fast_html | Retries: 0 | Pages: 2 | Emails: 0 | Phones: 2 | Confidence: 0.75 | LoadTime: 0.59s | Reason: Success
2025-11-24 15:08:08,138 - URL: https://www.littlecollinsnyc.com/contact | Status: success | Mode: fast_html | Retries: 0 | Pages: 1 | Emails: 0 | Phones: 2 | Confidence: 0.68 | LoadTime: 0.12s | Reason: Success
2025-11-24 15:08:46,921 - URL: https://www.littlecollinsnyc.com/ | Status: success | Mode: fast_html | Retries: 0 | Pages: 2 | Emails: 0 | Phones: 2 | Confidence: 0.75 | LoadTime: 0.53s | Reason: Success
2025-11-24 15:08:54,135 - URL: https://www.littlecollinsnyc.com/contact | Status: success | Mode: fast_html | Retries: 0 | Pages: 1 | Emails: 0 | Phones: 2 | Confidence: 0.68 | LoadTime: 0.18s | Reason: Success
2025-11-24 15:10:54,627 - URL: https://www.littlecollinsnyc.com/ | Status: success | Mode: fast_html | Retries: 0 | Pages: 2 | Emails: 0 | Phones: 2 | Confidence: 0.75 | LoadTime: 0.38s | Reason: Success
2025-11-24 15:11:00,461 - URL: https://www.littlecollinsnyc.com/contact | Status: success | Mode: fast_html | Retries: 0 | Pages: 1 | Emails: 0 | Phones: 2 | Confidence: 0.68 | LoadTime: 0.11s | Reason: Success
2025-11-24 15:14:57,795 - URL: https://www.littlecollinsnyc.com/ | Status: success | Mode: fast_html | Retries: 0 | Pages: 2 | Emails: 0 | Phones: 2 | Confidence: 0.75 | LoadTime: 0.55s | Reason: Success
2025-11-24 15:19:00,296 - URL: https://www.littlecollinsnyc.com/ | Status: success | Mode: fast_html | Retries: 0 | Pages: 2 | Emails: 0 | Phones: 2 | Confidence: 0.75 | LoadTime: 0.67s | Reason: Success
2025-11-24 15:19:07,498 - URL: https://www.littlecollinsnyc.com/contact | Status: success | Mode: fast_html | Retries: 0 | Pages: 1 | Emails: 0 | Phones: 2 | Confidence: 0.68 | LoadTime: 0.14s | Reason: Success
2025-11-24 15:19:43,863 - URL: https://www.littlecollinsnyc.com/ | Status: success | Mode: fast_html | Retries: 0 | Pages: 2 | Emails: 0 | Phones: 2 | Confidence: 0.75 | LoadTime: 0.54s | Reason: Success
2025-11-24 15:19:51,321 - URL: https://www.littlecollinsnyc.com/contact | Status: success | Mode: fast_html | Retries: 0 | Pages: 1 | Emails: 0 | Phones: 2 | Confidence: 0.68 | LoadTime: 0.14s | Reason: Success
2025-11-24 15:22:56,208 - URL: https://www.littlecollinsnyc.com/ | Status: success | Mode: fast_html | Retries: 0 | Pages: 2 | Emails: 0 | Phones: 2 | Confidence: 0.75 | LoadTime: 0.00s | Reason: Success
2025-11-24 15:29:28,337 - URL: https://www.littlecollinsnyc.com/ | Status: success | Mode: fast_html | Retries: 0 | Pages: 1 | Emails: 0 | Phones: 2 | Confidence: 0.68 | LoadTime: 0.00s | Reason: Success
2025-11-24 15:34:25,836 - URL: https://www.littlecollinsnyc.com/ | Status: success | Mode: fast_html | Retries: 0 | Pages: 2 | Emails: 0 | Phones: 2 | Confidence: 0.75 | LoadTime: 0.58s | Reason: Success
2025-11-24 15:34:32,631 - URL: https://www.littlecollinsnyc.com/contact | Status: success | Mode: fast_html | Retries: 0 | Pages: 1 | Emails: 0 | Phones: 2 | Confidence: 0.68 | LoadTime: 0.11s | Reason: Success
2025-11-24 15:38:42,551 - URL: https://www.littlecollinsnyc.com/ | Status: success | Mode: fast_html | Retries: 0 | Pages: 2 | Emails: 0 | Phones: 2 | Confidence: 0.75 | LoadTime: 0.63s | Reason: Success
2025-11-24 15:38:48,987 - URL: https://www.littlecollinsnyc.com/contact | Status: success | Mode: fast_html | Retries: 0 | Pages: 1 | Emails: 0 | Phones: 2 | Confidence: 0.68 | LoadTime: 0.18s | Reason: Success
2025-11-24 16:57:04,729 - URL: https://www.littlecollinsnyc.com/ | Status: success | Mode: fast_html | Retries: 0 | Pages: 2 | Emails: 0 | Phones: 2 | Confidence: 0.75 | LoadTime: 0.00s | Reason: Success
2025-11-24 16:57:09,621 - URL: https://www.littlecollinsnyc.com/contact | Status: success | Mode: fast_html | Retries: 0 | Pages: 1 | Emails: 0 | Phones: 2 | Confidence: 0.68 | LoadTime: 0.00s | Reason: Success
2025-11-24 17:02:27,826 - URL: https://www.littlecollinsnyc.com/ | Status: success | Mode: fast_html | Retries: 0 | Pages: 2 | Emails: 0 | Phones: 2 | Confidence: 0.75 | LoadTime: 0.61s | Reason: Success
2025-11-24 17:02:33,781 - URL: https://www.littlecollinsnyc.com/contact | Status: success | Mode: fast_html | Retries: 0 | Pages: 1 | Emails: 0 | Phones: 2 | Confidence: 0.68 | LoadTime: 0.12s | Reason: Success
2025-11-24 17:10:50,677 - URL: https://www.littlecollinsnyc.com/ | Status: success | Mode: fast_html | Retries: 0 | Pages: 2 | Emails: 0 | Phones: 2 | Confidence: 0.75 | LoadTime: 0.00s | Reason: Success
2025-11-24 17:10:54,954 - URL: https://www.littlecollinsnyc.com/contact | Status: success | Mode: fast_html | Retries: 0 | Pages: 1 | Emails: 0 | Phones: 2 | Confidence: 0.68 | LoadTime: 0.00s | Reason: Success
2025-11-24 17:16:37,038 - URL: https://www.littlecollinsnyc.com/ | Status: success | Mode: fast_html | Retries: 0 | Pages: 2 | Emails: 0 | Phones: 2 | Confidence: 0.75 | LoadTime: 0.56s | Reason: Success
2025-11-24 17:17:04,544 - URL: https://www.littlecollinsnyc.com/ | Status: success | Mode: fast_html | Retries: 0 | Pages: 2 | Emails: 0 | Phones: 2 | Confidence: 0.75 | LoadTime: 0.14s | Reason: Success
2025-11-24 17:19:56,958 - URL: https://www.littlecollinsnyc.com/ | Status: success | Mode: fast_html | Retries: 0 | Pages: 2 | Emails: 0 | Phones: 2 | Confidence: 0.75 | LoadTime: 0.59s | Reason: Success
2025-11-24 17:20:08,858 - URL: https://www.littlecollinsnyc.com/ | Status: success | Mode: fast_html | Retries: 0 | Pages: 2 | Emails: 0 | Phones: 2 | Confidence: 0.75 | LoadTime: 0.15s | Reason: Success
2025-11-24 17:21:53,444 - URL: https://www.littlecollinsnyc.com/ | Status: success | Mode: fast_html | Retries: 0 | Pages: 2 | Emails: 0 | Phones: 2 | Confidence: 0.75 | LoadTime: 0.62s | Reason: Success
2025-11-24 17:22:06,975 - URL: https://www.littlecollinsnyc.com/ | Status: success | Mode: fast_html | Retries: 0 | Pages: 2 | Emails: 0 | Phones: 2 | Confidence: 0.75 | LoadTime: 0.15s | Reason: Success
2025-11-24 17:36:08,086 - URL: https://www.unionsquarecafe.com | Status: success | Mode: fast_html | Retries: 0 | Pages: 1 | Emails: 0 | Phones: 1 | Confidence: 0.55 | LoadTime: 1.22s | Reason: Success
2025-11-24 17:36:10,213 - URL: https://www.littlecollinsnyc.com | Status: success | Mode: fast_html | Retries: 0 | Pages: 1 | Emails: 0 | Phones: 2 | Confidence: 0.68 | LoadTime: 0.50s | Reason: Success
2025-11-24 17:37:59,134 - URL: https://conwellcoffeehall.com | Status: success | Mode: js_rendering | Retries: 0 | Pages: 2 | Emails: 0 | Phones: 4 | Confidence: 0.73 | LoadTime: 1.37s | Reason: Success
2025-11-24 17:38:07,662 - URL: https://www.littlecollinsnyc.com | Status: success | Mode: fast_html | Retries: 0 | Pages: 2 | Emails: 0 | Phones: 2 | Confidence: 0.75 | LoadTime: 0.86s | Reason: Success
2025-11-24 17:39:12,711 - URL: https://www.birchcoffee.com | Status: success | Mode: hard_mode | Retries: 1 | Pages: 2 | Emails: 0 | Phones: 31 | Confidence: 0.67 | LoadTime: 0.30s | Reason: Success
2025-11-24 17:42:03,814 - URL: https://conwellcoffeehall.com | Status: success | Mode: hard_mode | Retries: 1 | Pages: 2 | Emails: 0 | Phones: 4 | Confidence: 0.67 | LoadTime: 1.43s | Reason: Success
2025-11-24 17:42:36,144 - URL: https://www.littlecollinsnyc.com | Status: success | Mode: fast_html | Retries: 0 | Pages: 2 | Emails: 0 | Phones: 2 | Confidence: 0.75 | LoadTime: 0.76s | Reason: Success
2025-11-24 17:43:52,628 - URL: https://www.birchcoffee.com | Status: success | Mode: hard_mode | Retries: 1 | Pages: 2 | Emails: 0 | Phones: 31 | Confidence: 0.67 | LoadTime: 0.57s | Reason: Success
2025-11-24 18:07:37,537 - URL: https://conwellcoffeehall.com | Status: success | Mode: js_rendering | Retries: 0 | Pages: 2 | Emails: 0 | Phones: 4 | Confidence: 0.73 | LoadTime: 1.72s | Reason: Success
2025-11-24 18:07:41,952 - URL: https://www.unionsquarecafe.com | Status: success | Mode: fast_html | Retries: 0 | Pages: 1 | Emails: 0 | Phones: 1 | Confidence: 0.55 | LoadTime: 0.48s | Reason: Success
2025-11-24 18:07:45,434 - URL: https://www.littlecollinsnyc.com | Status: success | Mode: fast_html | Retries: 0 | Pages: 2 | Emails: 0 | Phones: 2 | Confidence: 0.75 | LoadTime: 0.69s | Reason: Success
2025-11-24 18:09:03,186 - URL: https://www.birchcoffee.com | Status: success | Mode: hard_mode | Retries: 1 | Pages: 2 | Emails: 0 | Phones: 32 | Confidence: 0.67 | LoadTime: 0.71s | Reason: Success
2025-11-24 18:10:10,309 - URL: https://www.slatecafe.com | Status: success | Mode: fast_html | Retries: 0 | Pages: 2 | Emails: 0 | Phones: 5 | Confidence: 0.75 | LoadTime: 0.53s | Reason: Success
2025-11-24 18:10:26,692 - URL: https://conwellcoffeehall.com | Status: success | Mode: hard_mode | Retries: 1 | Pages: 2 | Emails: 0 | Phones: 4 | Confidence: 0.67 | LoadTime: 1.36s | Reason: Success
2025-11-24 18:10:30,216 - URL: https://www.unionsquarecafe.com | Status: success | Mode: fast_html | Retries: 0 | Pages: 1 | Emails: 0 | Phones: 1 | Confidence: 0.55 | LoadTime: 0.04s | Reason: Success
2025-11-24 18:10:32,932 - URL: https://www.littlecollinsnyc.com | Status: success | Mode: fast_html | Retries: 0 | Pages: 2 | Emails: 0 | Phones: 2 | Confidence: 0.75 | LoadTime: 1.01s | Reason: Success
2025-11-24 18:10:48,986 - URL: https://www.birchcoffee.com | Status: success | Mode: hard_mode | Retries: 0 | Pages: 2 | Emails: 0 | Phones: 32 | Confidence: 0.70 | LoadTime: 0.29s | Reason: Success
